// Jest Snapshot v1, https://goo.gl/fbAQLP

exports[`Pagination test renders Pagination 1`] = `
Object {
  "asFragment": [Function],
  "baseElement": <body>
    <div>
      <div
        class="pagination"
      >
        <div
          class="previous "
          data-testid="prev-button"
        >
          Previous
        </div>
        <div
          class="pages"
        >
          <div
            class="pagination-button"
            data-testid="pagination-button0"
          >
            1
          </div>
          <div
            class="pagination-button"
            data-testid="pagination-button-active"
          >
            2
          </div>
          <div
            class="pagination-button"
            data-testid="pagination-button2"
          >
            3
          </div>
          <div
            class="pagination-button"
            data-testid="pagination-button3"
          >
            ...
          </div>
          <div
            class="pagination-button"
            data-testid="pagination-button4"
          >
            8
          </div>
          <div
            class="pagination-button"
            data-testid="pagination-button5"
          >
            9
          </div>
          <div
            class="pagination-button"
            data-testid="pagination-button6"
          >
            10
          </div>
        </div>
        <div
          class="next "
          data-testid="next-button"
        >
          Next
        </div>
      </div>
    </div>
  </body>,
  "container": <div>
    <div
      class="pagination"
    >
      <div
        class="previous "
        data-testid="prev-button"
      >
        Previous
      </div>
      <div
        class="pages"
      >
        <div
          class="pagination-button"
          data-testid="pagination-button0"
        >
          1
        </div>
        <div
          class="pagination-button"
          data-testid="pagination-button-active"
        >
          2
        </div>
        <div
          class="pagination-button"
          data-testid="pagination-button2"
        >
          3
        </div>
        <div
          class="pagination-button"
          data-testid="pagination-button3"
        >
          ...
        </div>
        <div
          class="pagination-button"
          data-testid="pagination-button4"
        >
          8
        </div>
        <div
          class="pagination-button"
          data-testid="pagination-button5"
        >
          9
        </div>
        <div
          class="pagination-button"
          data-testid="pagination-button6"
        >
          10
        </div>
      </div>
      <div
        class="next "
        data-testid="next-button"
      >
        Next
      </div>
    </div>
  </div>,
  "debug": [Function],
  "findAllByAltText": [Function],
  "findAllByDisplayValue": [Function],
  "findAllByLabelText": [Function],
  "findAllByPlaceholderText": [Function],
  "findAllByRole": [Function],
  "findAllByTestId": [Function],
  "findAllByText": [Function],
  "findAllByTitle": [Function],
  "findByAltText": [Function],
  "findByDisplayValue": [Function],
  "findByLabelText": [Function],
  "findByPlaceholderText": [Function],
  "findByRole": [Function],
  "findByTestId": [Function],
  "findByText": [Function],
  "findByTitle": [Function],
  "getAllByAltText": [Function],
  "getAllByDisplayValue": [Function],
  "getAllByLabelText": [Function],
  "getAllByPlaceholderText": [Function],
  "getAllByRole": [Function],
  "getAllByTestId": [Function],
  "getAllByText": [Function],
  "getAllByTitle": [Function],
  "getByAltText": [Function],
  "getByDisplayValue": [Function],
  "getByLabelText": [Function],
  "getByPlaceholderText": [Function],
  "getByRole": [Function],
  "getByTestId": [Function],
  "getByText": [Function],
  "getByTitle": [Function],
  "queryAllByAltText": [Function],
  "queryAllByDisplayValue": [Function],
  "queryAllByLabelText": [Function],
  "queryAllByPlaceholderText": [Function],
  "queryAllByRole": [Function],
  "queryAllByTestId": [Function],
  "queryAllByText": [Function],
  "queryAllByTitle": [Function],
  "queryByAltText": [Function],
  "queryByDisplayValue": [Function],
  "queryByLabelText": [Function],
  "queryByPlaceholderText": [Function],
  "queryByRole": [Function],
  "queryByTestId": [Function],
  "queryByText": [Function],
  "queryByTitle": [Function],
  "rerender": [Function],
  "unmount": [Function],
}
`;
